// Jest Snapshot v1, https://goo.gl/fbAQLP

exports[`SubjectToBeTested renders correctly 1`] = `<div />`;
